
Time: 12/1/2026, 10:35:00 pm
Platform: win32
CPU: 12th Gen Intel(R) Core(TM) i5-12500H
Total Memory: 7877.36 MB
Free Memory: 1048.93 MB
-------------------------

Time: 12/1/2026, 10:35:05 pm
Platform: win32
CPU: 12th Gen Intel(R) Core(TM) i5-12500H
Total Memory: 7877.36 MB
Free Memory: 1028.55 MB
-------------------------

Time: 12/1/2026, 10:35:10 pm
Platform: win32
CPU: 12th Gen Intel(R) Core(TM) i5-12500H
Total Memory: 7877.36 MB
Free Memory: 1030.30 MB
-------------------------

Time: 12/1/2026, 10:35:21 pm
Platform: win32
CPU: 12th Gen Intel(R) Core(TM) i5-12500H
Total Memory: 7877.36 MB
Free Memory: 1044.50 MB
-------------------------

Time: 12/1/2026, 10:35:26 pm
Platform: win32
CPU: 12th Gen Intel(R) Core(TM) i5-12500H
Total Memory: 7877.36 MB
Free Memory: 1038.72 MB
-------------------------

Time: 12/1/2026, 10:35:31 pm
Platform: win32
CPU: 12th Gen Intel(R) Core(TM) i5-12500H
Total Memory: 7877.36 MB
Free Memory: 1039.01 MB
-------------------------

Time: 12/1/2026, 10:35:36 pm
Platform: win32
CPU: 12th Gen Intel(R) Core(TM) i5-12500H
Total Memory: 7877.36 MB
Free Memory: 1044.21 MB
-------------------------

Time: 12/1/2026, 10:35:41 pm
Platform: win32
CPU: 12th Gen Intel(R) Core(TM) i5-12500H
Total Memory: 7877.36 MB
Free Memory: 1047.02 MB
-------------------------

Time: 12/1/2026, 10:35:46 pm
Platform: win32
CPU: 12th Gen Intel(R) Core(TM) i5-12500H
Total Memory: 7877.36 MB
Free Memory: 1027.89 MB
-------------------------
